//192.168.10.38/product_public/休闲游戏/梦幻系列/梦幻花园/技术/output/jenkins/26/2023_02_27_154047